// Jest Snapshot v1, https://goo.gl/fbAQLP

exports[`Header renders correctly 1`] = `
<div>
  <header
    class="bg-white"
  >
    <nav
      aria-label="Global"
      class="mx-auto flex max-w-7xl items-center justify-between p-6 lg:px-8"
    >
      <div
        class="flex lg:flex-1"
      >
        <a
          class="-m-1.5 p-1.5"
          href="/"
        >
          <span
            class="sr-only"
          >
            Your Company
          </span>
          <img
            alt="Logo"
            data-nimg="1"
            decoding="async"
            height="32"
            loading="lazy"
            src="/github.svg"
            style="color: transparent;"
            width="32"
          />
        </a>
      </div>
      <div
        class="hidden lg:flex lg:flex-1"
      >
        <a
          class="text-sm font-semibold leading-6 text-gray-900"
          href="/favourites"
        >
          Favourite repositories 
          <span
            aria-hidden="true"
          />
        </a>
      </div>
      <div
        class="hidden lg:flex lg:flex-1"
      >
        <a
          class="text-sm font-semibold leading-6 text-gray-900"
          href="/repositories"
        >
          Discover trending repositories 
          <span
            aria-hidden="true"
          />
        </a>
      </div>
    </nav>
  </header>
</div>
`;
