// Jest Snapshot v1, https://goo.gl/fbAQLP

exports[`Identicon renders correctly 1`] = `
<div>
  <div />
</div>
`;
