// Jest Snapshot v1, https://goo.gl/fbAQLP

exports[`RepositoryCard renders correctly 1`] = `
<div>
  <div
    class="group relative"
  >
    <div
      class="relative aspect-w-1 aspect-h-1 w-full overflow-hidden rounded-md bg-gray-200 lg:aspect-none lg:h-72"
    >
      <div />
      <div
        class="absolute z-10 bottom-0 right-0 mr-2 mb-2"
      >
        <button
          class="flex h-min w-min space-x-1 items-center rounded-full text-gray-400 hover:text-rose-600 bg-gray-700 hover:bg-rose-50 py-1 px-2 text-xs font-medium"
          data-testid="repository-star-button"
        >
          <svg
            aria-hidden="true"
            class="w-5 h-5 hover:text-current text-grey-400"
            data-testid="repository-star"
            fill="currentColor"
            viewBox="0 0 20 20"
            xmlns="http://www.w3.org/2000/svg"
          >
            <title>
              First star
            </title>
            <path
              d="M9.049 2.927c.3-.921 1.603-.921 1.902 0l1.07 3.292a1 1 0 00.95.69h3.462c.969 0 1.371 1.24.588 1.81l-2.8 2.034a1 1 0 00-.364 1.118l1.07 3.292c.3.921-.755 1.688-1.54 1.118l-2.8-2.034a1 1 0 00-1.175 0l-2.8 2.034c-.784.57-1.838-.197-1.539-1.118l1.07-3.292a1 1 0 00-.364-1.118L2.98 8.72c-.783-.57-.38-1.81.588-1.81h3.461a1 1 0 00.951-.69l1.07-3.292z"
            />
          </svg>
          <p
            class="font-semibold text-xs hover:text-current"
          >
            0
          </p>
        </button>
      </div>
    </div>
    <a
      href="html_url"
    >
      <div
        class="mt-4 flex justify-between"
      >
        <div>
          <h3
            class="text-sm text-gray-700"
          >
            <span
              aria-hidden="true"
              class="absolute"
            />
            full_name
          </h3>
          <p
            class="mt-1 text-sm text-gray-500"
          >
            description
          </p>
        </div>
      </div>
    </a>
  </div>
</div>
`;
