// Jest Snapshot v1, https://goo.gl/fbAQLP

exports[`RepositoriesCatalogue renders correctly 1`] = `
<div>
  <div>
    <h2
      class="text-2xl font-bold tracking-tight text-gray-900"
    >
      title
    </h2>
    <div
      class="mt-6 grid grid-cols-1 gap-y-10 gap-x-6 sm:grid-cols-2 lg:grid-cols-4 xl:gap-x-8"
    />
  </div>
</div>
`;
